// Jest Snapshot v1, https://goo.gl/fbAQLP

exports[`should render the NotFoundPage 1`] = `
<h2>
  404 - 
  <Link
    replace={false}
    to="/"
  >
    Go to home page.
  </Link>
</h2>
`;
